           horse           | average 
---------------------------+---------
 Always Neighing           |   11133
 Arnold Schwarze-neigh-ger |   27052
 Hay Neighbor              |   75000
 Hermoineigh               |    8947
 Liam Neighson             |  108538
 Neigh Sayer               |   77538
 NeighNeigh Leaks          |   65000
 Ron Neighsly              |     833
 Sir Neighs Alot           |   56250
(9 rows)
