        horse        | average 
---------------------+---------
 Alanis Mare-issette |   54666
 Burress             |   50312
 David Hasselhoofs   |  129470
 Firdaussi           |   34736
 Isinglass           |    9368
 Passing Wind        |   13866
 Riding Miss Daisy   |   27058
 Russel              |    1411
(8 rows)
