              race              |         horses          
--------------------------------+-------------------------
 Breeders' Plate                | F2,F3,F3,M3,M5
 Craven Plate                   | F4,F4,F5,G3,M3,M4,M5,S4
 Frank Packer Plate             | F3,F3,G3,G3,M3,M4
 Japan Racing Association Plate | F3,F3,F4,F4,F4,M2,M3,M3
 Maribyrnong Plate              | F4,F4,G3,M3,M4,M4
 Oakleigh Plate                 | F3,F4,F4,G3,M3,M4
 Rough Habit Plate              | F3,F3,F3,F4,G3,M3,M4,M4
 Vo Rogue Plate                 | F3,F3,F4,F5,G4,M2,M4,S5
 W. S. Cox Plate                | F2,F4,G3,M4,M4,M4,M5,S4
(9 rows)
