         name         |   course   |    date    
----------------------+------------+------------
 Blue Sapphire Stakes | Caulfield  | 2019-10-16
 Caulfield Cup        | Caulfield  | 2019-10-19
 Race 2               | Rosehill   | 2019-11-09
 Race 2               | Rosehill   | 2020-03-21
 Race 3               | Flemington | 2019-11-07
 Race 3               | Doomben    | 2020-06-13
(6 rows)
